<html>
<head>
<style>
 .good {color: rgb(0,97,0) ; background-color: rgb(198,239,206) } .neutral {
color: rgb(156,101,0) ; background-color: rgb(255,236,156) } .bad { color:
rgb(156,0,6); background-color: rgb(255,199,206) } .data { font-family: Courier
New, monospace } .data_changed { font-family: Courier New, monospace;
font-weight: bold; font-style: italic } 
</style>
</head>
<body>
<h1>
Elucidation
</h1>
<ul>
<li>
<a href='#Expected'>
Expected
</a>
</li>
<li>
<a href='#Got'>
Got
</a>
</li>
<li>
<a href='#Missing'>
Missing
</a>
</li>
<li>
<a href='#Unexpected'>
Unexpected
</a>
</li>
<li>
<a href='#Ok'>
Ok
</a>
</li>
<li>
<a href='#exception'>
Exception
</a>
</li>
<li>
<a href='#backtrace'>
Backtrace
</a>
</li>
</ul>
<h3 id='Expected'>
Expected: class=MinitestLucidTest::SubSet size=18
</h3>
<table border='1'>
<tr>
<th>
Class
</th>
<th>
Inspect Value
</th>
</tr>
<tr>
<td class='data'>
String
</td>
<td class='data'>
&quot;Eia do elab same.&quot;
</td>
</tr>
<tr>
<td class='data'>
String
</td>
<td class='data'>
&quot;Uati nua iaam caea.&quot;
</td>
</tr>
<tr>
<td class='data'>
String
</td>
<td class='data'>
&quot;Nulla paal dolor maatat.&quot;
</td>
</tr>
<tr>
<td class='data'>
String
</td>
<td class='data'>
&quot;Exerad iame ulpa ipari.&quot;
</td>
</tr>
<tr>
<td class='data'>
String
</td>
<td class='data'>
&quot;Veaat ea conaaectat noat.&quot;
</td>
</tr>
<tr>
<td class='data'>
String
</td>
<td class='data'>
&quot;Euaab voat doloa caecat.&quot;
</td>
</tr>
<tr>
<td class='data'>
String
</td>
<td class='data'>
&quot;Idatia naat paaat inia.&quot;
</td>
</tr>
<tr>
<td class='data'>
String
</td>
<td class='data'>
&quot;Prem fatiaa fad ulpaat.&quot;
</td>
</tr>
<tr>
<td class='data'>
String
</td>
<td class='data'>
&quot;Ea re deni utat.&quot;
</td>
</tr>
<tr>
<td class='data'>
String
</td>
<td class='data'>
&quot;Irud ming fat int.&quot;
</td>
</tr>
<tr>
<td class='data'>
String
</td>
<td class='data'>
&quot;Utaag quis aut ing.&quot;
</td>
</tr>
<tr>
<td class='data'>
String
</td>
<td class='data'>
&quot;Siaa miaation vagna alaa.&quot;
</td>
</tr>
<tr>
<td class='data'>
String
</td>
<td class='data'>
&quot;Ut dolla laat nonse.&quot;
</td>
</tr>
<tr>
<td class='data'>
String
</td>
<td class='data'>
&quot;Enaat alam nonse magnaat.&quot;
</td>
</tr>
<tr>
<td class='data'>
String
</td>
<td class='data'>
&quot;Sequaa nulp duisic na.&quot;
</td>
</tr>
<tr>
<td class='data'>
String
</td>
<td class='data'>
&quot;Seqa quips sitataa exae.&quot;
</td>
</tr>
<tr>
<td class='data'>
String
</td>
<td class='data'>
&quot;Vate eu adip quata.&quot;
</td>
</tr>
<tr>
<td class='data'>
String
</td>
<td class='data'>
&quot;Tatua ididun offia doaut.&quot;
</td>
</tr>
</table>
<h3 id='Got'>
Got: class=MinitestLucidTest::SubSet size=18
</h3>
<table border='1'>
<tr>
<th>
Class
</th>
<th>
Inspect Value
</th>
</tr>
<tr>
<td class='data'>
String
</td>
<td class='data'>
&quot;Euaab voat doloa caecat.&quot;
</td>
</tr>
<tr>
<td class='data'>
String
</td>
<td class='data'>
&quot;Suntat fugiame sici exad.&quot;
</td>
</tr>
<tr>
<td class='data'>
String
</td>
<td class='data'>
&quot;Idatia naat paaat inia.&quot;
</td>
</tr>
<tr>
<td class='data'>
String
</td>
<td class='data'>
&quot;Ea re deni utat.&quot;
</td>
</tr>
<tr>
<td class='data'>
String
</td>
<td class='data'>
&quot;Eia do elab same.&quot;
</td>
</tr>
<tr>
<td class='data'>
String
</td>
<td class='data'>
&quot;Nulla paal dolor maatat.&quot;
</td>
</tr>
<tr>
<td class='data'>
String
</td>
<td class='data'>
&quot;Dolo mod eaamet ena.&quot;
</td>
</tr>
<tr>
<td class='data'>
String
</td>
<td class='data'>
&quot;Exerad iame ulpa ipari.&quot;
</td>
</tr>
<tr>
<td class='data'>
String
</td>
<td class='data'>
&quot;Ut dolla laat nonse.&quot;
</td>
</tr>
<tr>
<td class='data'>
String
</td>
<td class='data'>
&quot;Sequaa nulp duisic na.&quot;
</td>
</tr>
<tr>
<td class='data'>
String
</td>
<td class='data'>
&quot;Dat dolor laboat caalit.&quot;
</td>
</tr>
<tr>
<td class='data'>
String
</td>
<td class='data'>
&quot;Seqa quips sitataa exae.&quot;
</td>
</tr>
<tr>
<td class='data'>
String
</td>
<td class='data'>
&quot;Dolo esera id samcomaa.&quot;
</td>
</tr>
<tr>
<td class='data'>
String
</td>
<td class='data'>
&quot;Irud ming fat int.&quot;
</td>
</tr>
<tr>
<td class='data'>
String
</td>
<td class='data'>
&quot;Siaa miaation vagna alaa.&quot;
</td>
</tr>
<tr>
<td class='data'>
String
</td>
<td class='data'>
&quot;Cuate adid do nim.&quot;
</td>
</tr>
<tr>
<td class='data'>
String
</td>
<td class='data'>
&quot;Tatua ididun offia doaut.&quot;
</td>
</tr>
<tr>
<td class='data'>
String
</td>
<td class='data'>
&quot;Ocaada iaamaa fatioa anaat.&quot;
</td>
</tr>
</table>
<h3 id='Missing'>
Missing items: 6
</h3>
<table border='1'>
<tr>
<th>
Class
</th>
<th>
Inspect Value
</th>
</tr>
<tr>
<td class='bad data'>
String
</td>
<td class='bad data'>
&quot;Uati nua iaam caea.&quot;
</td>
</tr>
<tr>
<td class='bad data'>
String
</td>
<td class='bad data'>
&quot;Veaat ea conaaectat noat.&quot;
</td>
</tr>
<tr>
<td class='bad data'>
String
</td>
<td class='bad data'>
&quot;Prem fatiaa fad ulpaat.&quot;
</td>
</tr>
<tr>
<td class='bad data'>
String
</td>
<td class='bad data'>
&quot;Utaag quis aut ing.&quot;
</td>
</tr>
<tr>
<td class='bad data'>
String
</td>
<td class='bad data'>
&quot;Enaat alam nonse magnaat.&quot;
</td>
</tr>
<tr>
<td class='bad data'>
String
</td>
<td class='bad data'>
&quot;Vate eu adip quata.&quot;
</td>
</tr>
</table>
<h3 id='Unexpected'>
Unexpected items: 6
</h3>
<table border='1'>
<tr>
<th>
Class
</th>
<th>
Inspect Value
</th>
</tr>
<tr>
<td class='bad data'>
String
</td>
<td class='bad data'>
&quot;Suntat fugiame sici exad.&quot;
</td>
</tr>
<tr>
<td class='bad data'>
String
</td>
<td class='bad data'>
&quot;Dolo mod eaamet ena.&quot;
</td>
</tr>
<tr>
<td class='bad data'>
String
</td>
<td class='bad data'>
&quot;Dat dolor laboat caalit.&quot;
</td>
</tr>
<tr>
<td class='bad data'>
String
</td>
<td class='bad data'>
&quot;Dolo esera id samcomaa.&quot;
</td>
</tr>
<tr>
<td class='bad data'>
String
</td>
<td class='bad data'>
&quot;Cuate adid do nim.&quot;
</td>
</tr>
<tr>
<td class='bad data'>
String
</td>
<td class='bad data'>
&quot;Ocaada iaamaa fatioa anaat.&quot;
</td>
</tr>
</table>
<h3 id='Ok'>
Ok items: 12
</h3>
<table border='1'>
<tr>
<th>
Class
</th>
<th>
Inspect Value
</th>
</tr>
<tr>
<td class='good data'>
String
</td>
<td class='good data'>
&quot;Euaab voat doloa caecat.&quot;
</td>
</tr>
<tr>
<td class='good data'>
String
</td>
<td class='good data'>
&quot;Idatia naat paaat inia.&quot;
</td>
</tr>
<tr>
<td class='good data'>
String
</td>
<td class='good data'>
&quot;Ea re deni utat.&quot;
</td>
</tr>
<tr>
<td class='good data'>
String
</td>
<td class='good data'>
&quot;Eia do elab same.&quot;
</td>
</tr>
<tr>
<td class='good data'>
String
</td>
<td class='good data'>
&quot;Nulla paal dolor maatat.&quot;
</td>
</tr>
<tr>
<td class='good data'>
String
</td>
<td class='good data'>
&quot;Exerad iame ulpa ipari.&quot;
</td>
</tr>
<tr>
<td class='good data'>
String
</td>
<td class='good data'>
&quot;Ut dolla laat nonse.&quot;
</td>
</tr>
<tr>
<td class='good data'>
String
</td>
<td class='good data'>
&quot;Sequaa nulp duisic na.&quot;
</td>
</tr>
<tr>
<td class='good data'>
String
</td>
<td class='good data'>
&quot;Seqa quips sitataa exae.&quot;
</td>
</tr>
<tr>
<td class='good data'>
String
</td>
<td class='good data'>
&quot;Irud ming fat int.&quot;
</td>
</tr>
<tr>
<td class='good data'>
String
</td>
<td class='good data'>
&quot;Siaa miaation vagna alaa.&quot;
</td>
</tr>
<tr>
<td class='good data'>
String
</td>
<td class='good data'>
&quot;Tatua ididun offia doaut.&quot;
</td>
</tr>
</table>
<h3 id='exception'>
Exception
</h3>
<table border='1'>
<tr>
<th>
Class
</th>
<td>
Minitest::Assertion
</td>
</tr>
<tr>
<th>
Message
</th>
<td>
MinitestLucidTest::SubSet and MinitestLucidTest::SubSet. --- expected +++ actual
@@ -1 +1 @@ -#&lt;MinitestLucidTest::SubSet: {&quot;Eia do elab same.&quot;,
&quot;Uati nua iaam caea.&quot;, &quot;Nulla paal dolor maatat.&quot;,
&quot;Exerad iame ulpa ipari.&quot;, &quot;Veaat ea conaaectat noat.&quot;,
&quot;Euaab voat doloa caecat.&quot;, &quot;Idatia naat paaat inia.&quot;,
&quot;Prem fatiaa fad ulpaat.&quot;, &quot;Ea re deni utat.&quot;, &quot;Irud
ming fat int.&quot;, &quot;Utaag quis aut ing.&quot;, &quot;Siaa miaation vagna
alaa.&quot;, &quot;Ut dolla laat nonse.&quot;, &quot;Enaat alam nonse
magnaat.&quot;, &quot;Sequaa nulp duisic na.&quot;, &quot;Seqa quips sitataa
exae.&quot;, &quot;Vate eu adip quata.&quot;, &quot;Tatua ididun offia
doaut.&quot;}&gt; +#&lt;MinitestLucidTest::SubSet: {&quot;Euaab voat doloa
caecat.&quot;, &quot;Suntat fugiame sici exad.&quot;, &quot;Idatia naat paaat
inia.&quot;, &quot;Ea re deni utat.&quot;, &quot;Eia do elab same.&quot;,
&quot;Nulla paal dolor maatat.&quot;, &quot;Dolo mod eaamet ena.&quot;,
&quot;Exerad iame ulpa ipari.&quot;, &quot;Ut dolla laat nonse.&quot;,
&quot;Sequaa nulp duisic na.&quot;, &quot;Dat dolor laboat caalit.&quot;,
&quot;Seqa quips sitataa exae.&quot;, &quot;Dolo esera id samcomaa.&quot;,
&quot;Irud ming fat int.&quot;, &quot;Siaa miaation vagna alaa.&quot;,
&quot;Cuate adid do nim.&quot;, &quot;Tatua ididun offia doaut.&quot;,
&quot;Ocaada iaamaa fatioa anaat.&quot;}&gt; 
</td>
</tr>
<tr>
<th>
Backtrace
</th>
<td>
<table border='1'>
<tr>
<th>
Class
</th>
<th>
Inspect Value
</th>
</tr>
<tr>
<td class='data'>
String
</td>
<td class='data'>
&quot;&lt;GEM_DIR&gt;/minitest/assertions.rb:&lt;LINE_NO&gt;:in `assert&apos;&quot;
</td>
</tr>
<tr>
<td class='data'>
String
</td>
<td class='data'>
&quot;&lt;GEM_DIR&gt;/minitest/assertions.rb:&lt;LINE_NO&gt;:in `assert_equal&apos;&quot;
</td>
</tr>
<tr>
<td class='data'>
String
</td>
<td class='data'>
&quot;&lt;HOME_DIR&gt;/Documents/GitHub/minitest_lucid/lib/minitest_lucid.rb:&lt;LINE_NO&gt;:in
`assert_equal&apos;&quot;
</td>
</tr>
<tr>
<td class='data'>
String
</td>
<td class='data'>
&quot;&lt;HOME_DIR&gt;/Documents/GitHub/minitest_lucid/test/test_helper.rb:&lt;LINE_NO&gt;:in
`block (2 levels) in do_test&apos;&quot;
</td>
</tr>
<tr>
<td class='data'>
String
</td>
<td class='data'>
&quot;&lt;GEM_DIR&gt;/minitest/assertions.rb:&lt;LINE_NO&gt;:in `assert_raises&apos;&quot;
</td>
</tr>
<tr>
<td class='data'>
String
</td>
<td class='data'>
&quot;&lt;HOME_DIR&gt;/Documents/GitHub/minitest_lucid/test/test_helper.rb:&lt;LINE_NO&gt;:in
`block in do_test&apos;&quot;
</td>
</tr>
<tr>
<td class='data'>
String
</td>
<td class='data'>
&quot;&lt;HOME_DIR&gt;/Documents/GitHub/minitest_lucid/test/test_helper.rb:&lt;LINE_NO&gt;:in
`chdir&apos;&quot;
</td>
</tr>
<tr>
<td class='data'>
String
</td>
<td class='data'>
&quot;&lt;HOME_DIR&gt;/Documents/GitHub/minitest_lucid/test/test_helper.rb:&lt;LINE_NO&gt;:in
`do_test&apos;&quot;
</td>
</tr>
<tr>
<td class='data'>
String
</td>
<td class='data'>
&quot;&lt;HOME_DIR&gt;/Documents/GitHub/minitest_lucid/test/minitest_lucid_test.rb:&lt;LINE_NO&gt;:in `block in test_set&apos;&quot;
</td>
</tr>
<tr>
<td class='data'>
String
</td>
<td class='data'>
&quot;&lt;HOME_DIR&gt;/Documents/GitHub/minitest_lucid/test/minitest_lucid_test.rb:&lt;LINE_NO&gt;:in `each&apos;&quot;
</td>
</tr>
<tr>
<td class='data'>
String
</td>
<td class='data'>
&quot;&lt;HOME_DIR&gt;/Documents/GitHub/minitest_lucid/test/minitest_lucid_test.rb:&lt;LINE_NO&gt;:in `test_set&apos;&quot;
</td>
</tr>
<tr>
<td class='data'>
String
</td>
<td class='data'>
&quot;&lt;GEM_DIR&gt;/minitest/test.rb:&lt;LINE_NO&gt;:in `block (3 levels) in run&apos;&quot;
</td>
</tr>
<tr>
<td class='data'>
String
</td>
<td class='data'>
&quot;&lt;GEM_DIR&gt;/minitest/test.rb:&lt;LINE_NO&gt;:in `capture_exceptions&apos;&quot;
</td>
</tr>
<tr>
<td class='data'>
String
</td>
<td class='data'>
&quot;&lt;GEM_DIR&gt;/minitest/test.rb:&lt;LINE_NO&gt;:in `block (2 levels) in run&apos;&quot;
</td>
</tr>
<tr>
<td class='data'>
String
</td>
<td class='data'>
&quot;&lt;GEM_DIR&gt;/minitest.rb:&lt;LINE_NO&gt;:in `time_it&apos;&quot;
</td>
</tr>
<tr>
<td class='data'>
String
</td>
<td class='data'>
&quot;&lt;GEM_DIR&gt;/minitest/test.rb:&lt;LINE_NO&gt;:in `block in run&apos;&quot;
</td>
</tr>
<tr>
<td class='data'>
String
</td>
<td class='data'>
&quot;&lt;GEM_DIR&gt;/minitest.rb:&lt;LINE_NO&gt;:in `on_signal&apos;&quot;
</td>
</tr>
<tr>
<td class='data'>
String
</td>
<td class='data'>
&quot;&lt;GEM_DIR&gt;/minitest/test.rb:&lt;LINE_NO&gt;:in `with_info_handler&apos;&quot;
</td>
</tr>
<tr>
<td class='data'>
String
</td>
<td class='data'>
&quot;&lt;GEM_DIR&gt;/minitest/test.rb:&lt;LINE_NO&gt;:in `run&apos;&quot;
</td>
</tr>
<tr>
<td class='data'>
String
</td>
<td class='data'>
&quot;&lt;GEM_DIR&gt;/minitest.rb:&lt;LINE_NO&gt;:in `run_one_method&apos;&quot;
</td>
</tr>
<tr>
<td class='data'>
String
</td>
<td class='data'>
&quot;&lt;GEM_DIR&gt;/minitest.rb:&lt;LINE_NO&gt;:in `run_one_method&apos;&quot;
</td>
</tr>
<tr>
<td class='data'>
String
</td>
<td class='data'>
&quot;&lt;GEM_DIR&gt;/minitest.rb:&lt;LINE_NO&gt;:in `block (2 levels) in run&apos;&quot;
</td>
</tr>
<tr>
<td class='data'>
String
</td>
<td class='data'>
&quot;&lt;GEM_DIR&gt;/minitest.rb:&lt;LINE_NO&gt;:in `each&apos;&quot;
</td>
</tr>
<tr>
<td class='data'>
String
</td>
<td class='data'>
&quot;&lt;GEM_DIR&gt;/minitest.rb:&lt;LINE_NO&gt;:in `block in run&apos;&quot;
</td>
</tr>
<tr>
<td class='data'>
String
</td>
<td class='data'>
&quot;&lt;GEM_DIR&gt;/minitest.rb:&lt;LINE_NO&gt;:in `on_signal&apos;&quot;
</td>
</tr>
<tr>
<td class='data'>
String
</td>
<td class='data'>
&quot;&lt;GEM_DIR&gt;/minitest.rb:&lt;LINE_NO&gt;:in `with_info_handler&apos;&quot;
</td>
</tr>
<tr>
<td class='data'>
String
</td>
<td class='data'>
&quot;&lt;GEM_DIR&gt;/minitest.rb:&lt;LINE_NO&gt;:in `run&apos;&quot;
</td>
</tr>
<tr>
<td class='data'>
String
</td>
<td class='data'>
&quot;&lt;GEM_DIR&gt;/minitest.rb:&lt;LINE_NO&gt;:in `block in __run&apos;&quot;
</td>
</tr>
<tr>
<td class='data'>
String
</td>
<td class='data'>
&quot;&lt;GEM_DIR&gt;/minitest.rb:&lt;LINE_NO&gt;:in `map&apos;&quot;
</td>
</tr>
<tr>
<td class='data'>
String
</td>
<td class='data'>
&quot;&lt;GEM_DIR&gt;/minitest.rb:&lt;LINE_NO&gt;:in `__run&apos;&quot;
</td>
</tr>
<tr>
<td class='data'>
String
</td>
<td class='data'>
&quot;&lt;GEM_DIR&gt;/minitest.rb:&lt;LINE_NO&gt;:in `run&apos;&quot;
</td>
</tr>
<tr>
<td class='data'>
String
</td>
<td class='data'>
&quot;&lt;GEM_DIR&gt;/minitest.rb:&lt;LINE_NO&gt;:in `block in autorun&apos;&quot;
</td>
</tr>
</table>
</td>
</tr>
</table>
<h3 id='backtrace'>
Backtrace (Filtered)
</h3>
<table border='1'>
<tr>
<th>
Class
</th>
<th>
Inspect Value
</th>
</tr>
<tr>
<td class='data'>
String
</td>
<td class='data'>
&quot;&lt;HOME_DIR&gt;/Documents/GitHub/minitest_lucid/test/test_helper.rb:&lt;LINE_NO&gt;:in
`block (2 levels) in do_test&apos;&quot;
</td>
</tr>
<tr>
<td class='data'>
String
</td>
<td class='data'>
&quot;&lt;GEM_DIR&gt;/minitest/assertions.rb:&lt;LINE_NO&gt;:in `assert_raises&apos;&quot;
</td>
</tr>
<tr>
<td class='data'>
String
</td>
<td class='data'>
&quot;&lt;HOME_DIR&gt;/Documents/GitHub/minitest_lucid/test/test_helper.rb:&lt;LINE_NO&gt;:in
`block in do_test&apos;&quot;
</td>
</tr>
<tr>
<td class='data'>
String
</td>
<td class='data'>
&quot;&lt;HOME_DIR&gt;/Documents/GitHub/minitest_lucid/test/test_helper.rb:&lt;LINE_NO&gt;:in
`chdir&apos;&quot;
</td>
</tr>
<tr>
<td class='data'>
String
</td>
<td class='data'>
&quot;&lt;HOME_DIR&gt;/Documents/GitHub/minitest_lucid/test/test_helper.rb:&lt;LINE_NO&gt;:in
`do_test&apos;&quot;
</td>
</tr>
<tr>
<td class='data'>
String
</td>
<td class='data'>
&quot;&lt;HOME_DIR&gt;/Documents/GitHub/minitest_lucid/test/minitest_lucid_test.rb:&lt;LINE_NO&gt;:in `block in test_set&apos;&quot;
</td>
</tr>
<tr>
<td class='data'>
String
</td>
<td class='data'>
&quot;&lt;HOME_DIR&gt;/Documents/GitHub/minitest_lucid/test/minitest_lucid_test.rb:&lt;LINE_NO&gt;:in `each&apos;&quot;
</td>
</tr>
<tr>
<td class='data'>
String
</td>
<td class='data'>
&quot;&lt;HOME_DIR&gt;/Documents/GitHub/minitest_lucid/test/minitest_lucid_test.rb:&lt;LINE_NO&gt;:in `test_set&apos;&quot;
</td>
</tr>
</table>
</body>
</html>